COMMAND
/usr/bin/python3 /content/fig3_colab_work/MN_simulation/scripts/rspi_03_eval_posterior_metrics.py --dataset-name method2b_512_full_comsol_colab_cuda --cache /content/fig3_colab_work/MN_simulation/outputs/rspi_joint_052026/method2b_512_targetmap_diffusion_20260601/method2b_512_diffusion_ready_cache.npz --manifest /content/fig3_colab_work/MN_simulation/outputs/rspi_joint_052026/method2b_512_targetmap_diffusion_20260601/method2b_512_diffusion_ready_manifest.csv --training-dir /content/fig3_colab_work/MN_simulation/outputs/rspi_joint_052026/method2b_512_five_seed_ood_colab_cuda_full512_chrome_a100_20260612/seed_3/training --out-dir /content/fig3_colab_work/MN_simulation/outputs/rspi_joint_052026/method2b_512_five_seed_ood_colab_cuda_full512_chrome_a100_20260612/seed_3/posterior --split-modes fig3_true_ood --device cuda --batch-size 16 --base-channels 16 --timesteps 200 --posterior-samples 64 --img2img-start-step 10 --residual-scale 0.25 --seed 3

{
  "step": "rspi_03_eval_posterior_metrics",
  "decision": "RSPI_POSTERIOR_METRICS_COMPLETED",
  "dataset": "method2b_512_full_comsol_colab_cuda",
  "device": "cuda",
  "sample_count": 512,
  "input_shape": [
    512,
    9,
    64,
    64
  ],
  "target_shape": [
    512,
    64,
    64
  ],
  "training_dir": "/content/fig3_colab_work/MN_simulation/outputs/rspi_joint_052026/method2b_512_five_seed_ood_colab_cuda_full512_chrome_a100_20260612/seed_3/training",
  "posterior_samples": 64,
  "timesteps": 200,
  "img2img_start_step": 10,
  "base_channels": 16,
  "split_modes": [
    "fig3_true_ood"
  ],
  "fold_rows": 35,
  "best_by_split_rmse": [
    {
      "dataset": "method2b_512_full_comsol_colab_cuda",
      "split_mode": "fig3_true_ood",
      "model": "unet_canonical_bxyz",
      "n_folds": 5,
      "mae_norm_mean": 0.07620662152767181,
      "mae_norm_std": 0.005847208180828572,
      "rmse_norm_mean": 0.15972418963628512,
      "rmse_norm_std": 0.011111422283005582,
      "psnr_norm_mean": 15.952510049920571,
      "psnr_norm_std": 0.5804727421895871,
      "ssim_norm_mean": 0.401757803817208,
      "ssim_norm_std": 0.031336928091954375,
      "mae_kpa_mean": 3.0029790878295897,
      "mae_kpa_std": 0.26313921076131974,
      "rmse_kpa_mean": 9.790548601937678,
      "rmse_kpa_std": 1.2586242981435787,
      "spearman_pixel_mean": 0.5232865141610403,
      "spearman_pixel_std": 0.04028421831069431,
      "n_eval_samples_mean": 48.8,
      "n_eval_samples_std": 14.4,
      "train_count_mean": 230.0,
      "train_count_std": 0.0,
      "val_count_mean": 38.0,
      "val_count_std": 0.0,
      "test_count_mean": 48.8,
      "test_count_std": 14.4,
      "crps_norm_mean": 0.07620662152767181,
      "crps_norm_std": 0.0058472054481740095,
      "cov50_mean": 0.0,
      "cov50_std": 0.0,
      "width50_norm_mean": 0.0,
      "width50_norm_std": 0.0,
      "cov80_mean": 0.0,
      "cov80_std": 0.0,
      "width80_norm_mean": 0.0,
      "width80_norm_std": 0.0,
      "cov90_mean": 0.0,
      "cov90_std": 0.0,
      "width90_norm_mean": 0.0,
      "width90_norm_std": 0.0,
      "cov95_mean": 0.0,
      "cov95_std": 0.0,
      "width95_norm_mean": 0.0,
      "width95_norm_std": 0.0,
      "uncertainty_error_spearman_mean": NaN,
      "uncertainty_error_spearman_std": NaN,
      "failure_auroc_top10_abs_error_mean": 0.5,
      "failure_auroc_top10_abs_error_std": 0.0,
      "uce_mean": 0.15752251651626753,
      "uce_std": 0.010473667635781416,
      "ence_mean": 15752251.65162675,
      "ence_std": 1047366.7635781413,
      "ause_abs_error_mean": 0.06000635016981146,
      "ause_abs_error_std": 0.0055485985623883955,
      "pit_mean_mean": 0.1081557646393776,
      "pit_mean_std": 0.003527958685282912,
      "posterior_std_norm_mean_mean": 0.0,
      "posterior_std_norm_mean_std": 0.0,
      "n_posterior_samples_mean": NaN,
      "n_posterior_samples_std": NaN,
      "residual_scale_mean": NaN,
      "residual_scale_std": NaN
    }
  ],
  "outputs": {
    "metrics_csv": "/content/fig3_colab_work/MN_simulation/outputs/rspi_joint_052026/method2b_512_five_seed_ood_colab_cuda_full512_chrome_a100_20260612/seed_3/posterior/rspi_posterior_metrics.csv",
    "aggregate_csv": "/content/fig3_colab_work/MN_simulation/outputs/rspi_joint_052026/method2b_512_five_seed_ood_colab_cuda_full512_chrome_a100_20260612/seed_3/posterior/rspi_posterior_aggregate.csv",
    "summary_json": "/content/fig3_colab_work/MN_simulation/outputs/rspi_joint_052026/method2b_512_five_seed_ood_colab_cuda_full512_chrome_a100_20260612/seed_3/posterior/rspi_posterior_metrics_summary.json"
  }
}
