COMMAND
/usr/bin/python3 /content/fig3_colab_work/MN_simulation/scripts/step3j_method1_train_canonical_diffusion_cv.py --cache /content/fig3_colab_work/MN_simulation/outputs/rspi_joint_052026/method2b_512_targetmap_diffusion_20260601/method2b_512_diffusion_ready_cache.npz --manifest /content/fig3_colab_work/MN_simulation/outputs/rspi_joint_052026/method2b_512_targetmap_diffusion_20260601/method2b_512_diffusion_ready_manifest.csv --cache-summary /content/fig3_colab_work/MN_simulation/outputs/rspi_joint_052026/method2b_512_targetmap_diffusion_20260601/method2b_512_diffusion_cache_summary.json --out-dir /content/fig3_colab_work/MN_simulation/outputs/rspi_joint_052026/method2b_512_five_seed_ood_colab_cuda_full512_chrome_a100_20260612/smoke --split-modes fig3_true_ood --max-folds 1 --device cuda --batch-size 16 --base-channels 8 --regressor-epochs 1 --diffusion-epochs 1 --residual-diffusion-epochs 1 --surrogate-epochs 1 --timesteps 20 --posterior-samples 1 --img2img-start-step 5 --lr 1e-3 --guidance-scale 0.06 --residual-scale-quantile 0.995 --residual-scale-floor 0.03 --seed 1

/content/fig3_colab_work/MN_simulation/scripts/step3c_train_batch_benchmark.py:770: UserWarning: std(): degrees of freedom is <= 0. Correction should be strictly less than the reduction factor (input numel divided by output numel). (Triggered internally at /pytorch/aten/src/ATen/native/ReduceOps.cpp:1858.)
  stds.append(samples.std(dim=0))
/content/fig3_colab_work/MN_simulation/scripts/step3j_method1_train_canonical_diffusion_cv.py:352: UserWarning: std(): degrees of freedom is <= 0. Correction should be strictly less than the reduction factor (input numel divided by output numel). (Triggered internally at /pytorch/aten/src/ATen/native/ReduceOps.cpp:1858.)
  stds.append(samples.std(dim=0))
/content/fig3_colab_work/MN_simulation/scripts/step3j_method1_train_canonical_diffusion_cv.py:514: UserWarning: std(): degrees of freedom is <= 0. Correction should be strictly less than the reduction factor (input numel divided by output numel). (Triggered internally at /pytorch/aten/src/ATen/native/ReduceOps.cpp:1858.)
  stds.append(samples.std(dim=0))
{
  "step": "step3j_method1_train_canonical_diffusion_cv",
  "decision": "FORMAL_CV_TRAINING_COMPLETED",
  "training_allowed": true,
  "device": "cuda",
  "sample_count": 512,
  "input_shape": [
    512,
    9,
    64,
    64
  ],
  "target_shape": [
    512,
    64,
    64
  ],
  "channel_count": 9,
  "srcnn_channel": 0,
  "srcnn_channel_name": "method2b_delta_Bz_cmr_S0.02_dense64",
  "split_modes": [
    "fig3_true_ood"
  ],
  "fold_rows": 9,
  "models": [
    "explicit_residual_likelihood_guided_diffusion",
    "explicit_residual_target_diffusion",
    "likelihood_guided_diffusion",
    "prior_init_diffusion_unet",
    "residual_likelihood_guided_diffusion",
    "srcnn_bz_single_channel",
    "train_mean_prior",
    "unet_canonical_bxyz",
    "vanilla_diffusion"
  ],
  "epochs": {
    "regressor_epochs": 1,
    "diffusion_epochs": 1,
    "residual_diffusion_epochs": 1,
    "surrogate_epochs": 1,
    "timesteps": 20,
    "posterior_samples": 1,
    "img2img_start_step": 5,
    "residual_scale_quantile": 0.995,
    "residual_scale_floor": 0.03
  },
  "best_by_split": [
    {
      "split_mode": "fig3_true_ood",
      "model": "train_mean_prior",
      "n_folds": 1,
      "mae_norm_mean": 0.14408926665782928,
      "mae_norm_std": 0.0,
      "rmse_norm_mean": 0.21952253405825176,
      "rmse_norm_std": 0.0,
      "psnr_norm_mean": 13.170417853325851,
      "psnr_norm_std": 0.0,
      "ssim_norm_mean": 0.03326273390736718,
      "ssim_norm_std": 0.0,
      "mae_kpa_mean": 4.060465335845947,
      "mae_kpa_std": 0.0,
      "rmse_kpa_mean": 11.480061371004567,
      "rmse_kpa_std": 0.0,
      "spearman_pixel_mean": NaN,
      "spearman_pixel_std": 0.0,
      "posterior_std_norm_mean_mean": NaN,
      "posterior_std_norm_mean_std": 0.0,
      "residual_scale_mean": NaN,
      "residual_scale_std": 0.0
    }
  ],
  "outputs": {
    "metrics_csv": "/content/fig3_colab_work/MN_simulation/outputs/rspi_joint_052026/method2b_512_five_seed_ood_colab_cuda_full512_chrome_a100_20260612/smoke/step3j_canonical_cv_metrics.csv",
    "aggregate_csv": "/content/fig3_colab_work/MN_simulation/outputs/rspi_joint_052026/method2b_512_five_seed_ood_colab_cuda_full512_chrome_a100_20260612/smoke/step3j_canonical_cv_aggregate.csv",
    "history_csv": "/content/fig3_colab_work/MN_simulation/outputs/rspi_joint_052026/method2b_512_five_seed_ood_colab_cuda_full512_chrome_a100_20260612/smoke/step3j_canonical_cv_training_history.csv",
    "summary_json": "/content/fig3_colab_work/MN_simulation/outputs/rspi_joint_052026/method2b_512_five_seed_ood_colab_cuda_full512_chrome_a100_20260612/smoke/step3j_canonical_cv_training_summary.json"
  },
  "formal_model_quality_claim": true,
  "cache_summary": "/content/fig3_colab_work/MN_simulation/outputs/rspi_joint_052026/method2b_512_targetmap_diffusion_20260601/method2b_512_diffusion_cache_summary.json"
}
